0 ffffffae :g_syscalls:trap_SetBotCMD
0 ffffffaf :g_syscalls:trap_SetBotUserInfo
0 ffffffb0 :g_syscalls:trap_RemoveBot
0 ffffffb1 :g_syscalls:trap_AddBot
0 ffffffb2 :g_syscalls:trap_redirectcmd
0 ffffffb3 :g_syscalls:trap_readcmd
0 ffffffb4 :g_syscalls:trap_conprint
0 ffffffb5 :g_syscalls:trap_executecmd
0 ffffffb6 :g_syscalls:trap_find
0 ffffffb7 :g_syscalls:strnicmp
0 ffffffb8 :g_syscalls:stricmp
0 ffffffb9 :g_syscalls:strncmp
0 ffffffba :g_syscalls:strcmp
0 ffffffbb :g_syscalls:trap_Map_Extension
0 ffffffbc :g_syscalls:trap_cvar_string
0 ffffffbd :g_syscalls:trap_cvar_set_float
0 ffffffbe :g_syscalls:trap_FS_GetFileList
0 ffffffbf :g_syscalls:trap_FS_TellFile
0 ffffffc0 :g_syscalls:trap_FS_SeekFile
0 ffffffc1 :g_syscalls:trap_FS_WriteFile
0 ffffffc2 :g_syscalls:trap_FS_ReadFile
0 ffffffc3 :g_syscalls:trap_FS_CloseFile
0 ffffffc4 :g_syscalls:trap_FS_OpenFile
0 ffffffc5 :g_syscalls:trap_TraceCapsule
0 ffffffc6 :g_syscalls:trap_CmdArgv
0 ffffffc7 :g_syscalls:trap_CmdArgc
0 ffffffc8 :g_syscalls:acos
0 ffffffc9 :g_syscalls:ceil
0 ffffffca :g_syscalls:floor
0 ffffffcb :g_syscalls:sqrt
0 ffffffcc :g_syscalls:atan2
0 ffffffcd :g_syscalls:cos
0 ffffffce :g_syscalls:sin
0 ffffffcf :g_syscalls:strncpy
0 ffffffd0 :g_syscalls:memcpy
0 ffffffd1 :g_syscalls:memset
0 ffffffd2 :g_syscalls:trap_FlushSignon
0 ffffffd3 :g_syscalls:trap_WriteEntity
0 ffffffd4 :g_syscalls:trap_WriteString
0 ffffffd5 :g_syscalls:trap_WriteCoord
0 ffffffd6 :g_syscalls:trap_WriteAngle
0 ffffffd7 :g_syscalls:trap_WriteLong
0 ffffffd8 :g_syscalls:trap_WriteShort
0 ffffffd9 :g_syscalls:trap_WriteChar
0 ffffffda :g_syscalls:trap_WriteByte
0 ffffffdb :g_syscalls:trap_disableupdates
0 ffffffdc :g_syscalls:trap_multicast
0 ffffffdd :g_syscalls:trap_infokey
0 ffffffde :g_syscalls:trap_logfrag
0 ffffffdf :g_syscalls:trap_changelevel
0 ffffffe0 :g_syscalls:trap_setspawnparam
0 ffffffe1 :g_syscalls:trap_makestatic
0 ffffffe3 :g_syscalls:trap_nextent
0 ffffffe4 :g_syscalls:trap_pointcontents
0 ffffffe5 :g_syscalls:trap_checkbottom
0 ffffffe6 :g_syscalls:trap_droptofloor
0 ffffffe7 :g_syscalls:trap_walkmove
0 ffffffe9 :g_syscalls:trap_cvar_set
0 ffffffea :g_syscalls:trap_cvar
0 ffffffeb :g_syscalls:trap_localcmd
0 ffffffec :g_syscalls:trap_stuffcmd
0 ffffffed :g_syscalls:trap_checkclient
0 ffffffee :g_syscalls:trap_traceline
0 ffffffef :g_syscalls:trap_sound
0 fffffff0 :g_syscalls:trap_ambientsound
0 fffffff1 :g_syscalls:trap_CenterPrint
0 fffffff2 :g_syscalls:trap_SPrint
0 fffffff3 :g_syscalls:trap_BPrint
0 fffffff4 :g_syscalls:trap_setmodel
0 fffffff5 :g_syscalls:trap_setsize
0 fffffff6 :g_syscalls:trap_setorigin
0 fffffff7 :g_syscalls:trap_lightstyle
0 fffffff8 :g_syscalls:trap_precache_model
0 fffffff9 :g_syscalls:trap_precache_sound
0 fffffffa :g_syscalls:trap_remove
0 fffffffb :g_syscalls:trap_spawn
0 fffffffc :g_syscalls:trap_GetEntityToken
0 fffffffd :g_syscalls:trap_Error
0 fffffffe :g_syscalls:trap_DPrintf
0 ffffffff :g_syscalls:trap_GetApiVersion
0        0 :g_main:vmMain
0      12c :g_main:G_InitGame
0      187 :g_main:G_EdictTouch
0      1ab :g_main:G_EdictThink
0      1cf :g_main:G_EdictBlocked
0      1ec :g_main:ClearGlobals
0      215 :actions:TeamFortress_Cmd_Discard
0      605 :actions:TeamFortress_Discard
0      909 :actions:TeamFortress_SaveMe
0      a5a :actions:TeamFortress_ReloadCurrentWeapon
0      e70 :actions:TeamFortress_ID_Player
0     1074 :actions:TeamFortress_ID_Sentry
0     11a3 :actions:TeamFortress_ID
0     1417 :admin:Admin_CountPlayers
0     1487 :admin:Admin_CycleKick
0     1523 :admin:Admin_DoKick
0     155b :admin:CeaseFire_think
0     15f2 :admin:Admin_CeaseFire
0     16b6 :admin:CheckAutoKick
0     1752 :admin_cmd:CheckString
0     179f :admin_cmd:Admin_Cmd
0     1837 :admin_cmd:Admin_FindPlayerById
0     1879 :admin_cmd:Admin_Auth
0     1903 :admin_cmd:Admin_Kick
0     1962 :admin_cmd:Admin_Ban
0     19c9 :admin_cmd:Admin_UnBan
0     19fb :admin_cmd:Admin_BanList
0     1a06 :admin_cmd:Admin_Status
0     1a11 :admin_cmd:Admin_Map
0     1a40 :admin_cmd:Admin_Console
0     1a5c :bg_lib:swapfunc
0     1ae3 :bg_lib:med3
0     1b66 :bg_lib:qsort
0     1f1f :bg_lib:strlen
0     1f3a :bg_lib:strcat
0     1f7d :bg_lib:strcpy
0     1fb2 :bg_lib:strchr
0     1fd1 :bg_lib:strstr
0     2017 :bg_lib:tolower
0     202f :bg_lib:toupper
0     2047 :bg_lib:memmove
0     208e :bg_lib:tan
0     20a5 :bg_lib:srand
0     20ac :bg_lib:rand
0     20c1 :bg_lib:atof
0     2186 :bg_lib:_atof
0     2251 :bg_lib:atoi
0     22c9 :bg_lib:_atoi
0     234b :bg_lib:abs
0     2360 :bg_lib:fabs
0     2375 :bg_lib:AddInt
0     24a1 :bg_lib:AddFloat
0     2600 :bg_lib:AddString
0     26b3 :bg_lib:sscanf
0     271e :bg_lib:_vsnprintf
0     29d5 :bg_lib:vsprintf
0     29ea :bg_lib:_snprintf
0     2a0a :bg_lib:asin
0     2a24 :bg_lib:memcmp
0     2a70 :buttons:button_wait
0     2aa5 :buttons:button_done
0     2aae :buttons:button_return
0     2ae4 :buttons:button_blocked
0     2ae7 :buttons:button_fire
0     2b30 :buttons:button_use
0     2b3f :buttons:button_touch
0     2bb9 :buttons:button_killed
0     2be7 :buttons:SP_func_button
0     2d75 :clan:PreMatch_Think
0     2f54 :clan:TeamFortress_ShowIDs
0     301e :clan:DumpClanScores
0     33a6 :clan:MatchTimer
0     3418 :clan:UpdateServerinfoScores
0     345b :client:SP_info_intermission
0     3498 :client:SetNewParms
0     34c8 :client:SetChangeParms
0     3577 :client:autoteam_think
0     358b :client:autokick_think
0     359d :client:DecodeLevelParms
0     410f :client:FindIntermission
0     41a5 :client:FindNextIntermission
0     4269 :client:TF_MovePlayer
0     42ce :client:GotoNextMap
0     4354 :client:ExitIntermission
0     44bf :client:IntermissionThink
0     456f :client:execute_changelevel
0     462a :client:changelevel_touch
0     46ac :client:SP_trigger_changelevel
0     46d4 :client:respawn
0     470f :client:ClientKill
0     481e :client:CheckTelefragSpotOld
0     487d :client:CheckTelefragSpot
0     494a :client:FindTeamSpawnPoint
0     49d4 :client:FindRandomTeamSpawnPoint
0     4ae4 :client:FindDeathmatchSpawnPoint
0     4b47 :client:SelectSpawnPoint
0     4bff :client:PutClientInServer
0     52bb :client:SP_Null_tf_spawn
0     52cc :client:PrintClientScore
0     52e6 :client:NextLevel
0     530f :client:CheckRules
0     5337 :client:PlayerDeathThink
0     5440 :client:PlayerJump
0     556f :client:WaterMove
0     5755 :client:CheckWaterJump
0     5849 :client:PlayerPreThink
0     5a20 :client:CheckPowerups
0     5e52 :client:PlayerPostThink
0     604a :client:SetClientSetting
0     647b :client:PrintClientSetting
0     6768 :client:Client_Set_Cmd
0     67b5 :client:ParseUserInfo
0     6991 :client:ClientConnect
0     6b60 :client:ClientDisconnect
0     6cf8 :client:ClientObituary
0     76fc :combat:monster_death_use
0     7744 :combat:CanDamage
0     795c :combat:Killed
0     79de :combat:T_Damage
0     7ddf :combat:TF_T_Damage
0     85d5 :combat:T_RadiusDamage
0     86e1 :combat:T_BeamDamage
0     879b :coop:DroppedKeyThink
0     87b3 :coop:DropKey
0     8928 :coop:DoorShouldOpen
0     8a33 :crc32:crc32
0     8b91 :ctf:TeamFortress_CTF_FlagInfo
0     8ce2 :debug:dremove
0     8d18 :debug:display_location
0     8d5b :demoman:TeamFortress_DetonatePipebombs
0     8d88 :demoman:PipebombTouch
0     8dc9 :demoman:MirvGrenadeTouch
0     8e0a :demoman:MirvGrenadeExplode
0     8e9f :demoman:MirvGrenadeLaunch
0     8fa3 :demoman:Detpack_SetClip
0     8ffc :demoman:TeamFortress_Cmd_Detpack
0     903b :demoman:TeamFortress_SetDetpack
0     92a9 :demoman:TeamFortress_DetpackStop
0     932f :demoman:TeamFortress_DetpackSet
0     9542 :demoman:TeamFortress_DetpackExplode
0     97ef :demoman:TeamFortress_DetpackTouch
0     9815 :demoman:TeamFortress_DetpackDisarm
0     98ad :demoman:TeamFortress_DetpackCountDown
0     9950 :doors:door_blocked
0     99e3 :doors:door_hit_top
0     9a2d :doors:door_hit_bottom
0     9a57 :doors:door_go_down
0     9aaa :doors:door_go_up
0     9b0b :doors:door_fire
0     9bb6 :doors:door_use
0     9bea :doors:door_trigger_touch
0     9c5c :doors:door_killed
0     9c8c :doors:door_touch
0     9ea5 :doors:spawn_field
0     a02c :doors:EntitiesTouching
0     a08b :doors:LinkDoors
0     a226 :doors:SP_func_door
0     a5ab :doors:fd_secret_use
0     a7fe :doors:fd_secret_move1
0     a832 :doors:fd_secret_move2
0     a864 :doors:fd_secret_move3
0     a8a6 :doors:fd_secret_move4
0     a8d8 :doors:fd_secret_move5
0     a90c :doors:fd_secret_move6
0     a93e :doors:fd_secret_done
0     a989 :doors:secret_blocked
0     a9b5 :doors:secret_touch
0     aa0f :doors:SP_func_door_secret
0     ab9a :engineer:LaserBolt_Think
0     ac1c :engineer:LaserBolt_Touch
0     ad77 :engineer:W_FireLaser
0     aee3 :engineer:EMPExplode
0     affb :engineer:EMPGrenadeTouch
0     b03c :engineer:EMPGrenadeExplode
0     b370 :engineer:TeamFortress_EngineerBuild
0     b41c :engineer:CheckAreaNew
0     b558 :engineer:CheckArea
0     b726 :engineer:TeamFortress_Build
0     b9a0 :engineer:CheckBelowBuilding
0     ba1e :engineer:DispenserThink
0     bad2 :engineer:TeamFortress_FinishedBuilding
0     c0e0 :engineer:T_Dispenser
0     c17b :engineer:Dispenser_Explode
0     c21f :engineer:Dispenser_Die
0     c24f :engineer:Engineer_UseDispenser
0     c2c6 :engineer:Engineer_UseSentryGun
0     c366 :engineer:Engineer_RotateSG
0     c416 :engineer:CheckSentry
0     c473 :engineer:CheckDistance
0     c504 :engineer:DestroyBuilding
0     c5de :engineer:Engineer_RemoveBuildings
0     c609 :engineer:Eng_SGUp
0     c6a4 :engineer:Eng_DispLoad
0     c731 :engineer:Eng_DispUnload
0     c7be :engineer:Eng_SGReload
0     c848 :flare:FlareGrenadeTouch
0     c947 :flare:FlareGrenadeThink
0     c9e6 :flare:FlareGrenadeExplode
0     ca5b :flare:RemoveFlare
0     ca9c :flare:RemoveOldFlare
0     cb10 :g_cmd:ClientCommand
0     cc1f :g_cmd:ClientUserInfoChanged
0     cddd :g_cmd:Test
0     ce21 :g_mem:G_Alloc
0     ce50 :g_mod_command:ModCommand
0     ce96 :g_mod_command:WP_command
0     d102 :g_mod_command:Red_Def_command
0     d24f :g_spawn:G_SpawnString
0     d28a :g_spawn:G_SpawnFloat
0     d2ac :g_spawn:G_SpawnInt
0     d2ce :g_spawn:G_SpawnVector
0     d2fd :g_spawn:SUB_Remove
0     d306 :g_spawn:SUB_Null
0     d309 :g_spawn:G_CallSpawn
0     d35a :g_spawn:G_NewString
0     d3de :g_spawn:G_ParseField
0     d4ce :g_spawn:G_SpawnGEntityFromSpawnVars
0     d524 :g_spawn:G_AddSpawnVarToken
0     d565 :g_spawn:G_ParseSpawnVars
0     d5f5 :g_spawn:G_SpawnEntitiesFromString
0     d647 :g_tf_utils:GetInfokeyString
0     d692 :g_tf_utils:GetInfokeyInt
0     d6d6 :g_tf_utils:GetSVInfokeyString
0     d721 :g_tf_utils:GetSVInfokeyInt
0     d765 :g_tf_utils:GetSVInfokeyFloat
0     d7a9 :g_tf_utils:KickPlayer
0     d7c6 :g_tf_utils:muzzleflash
0     d7f3 :g_tf_utils:visible
0     d89f :g_tf_utils:range
0     d941 :g_tf_utils:infront
0     d9a4 :g_utils:NUM_FOR_EDICT
0     d9c3 :g_utils:g_random
0     d9d2 :g_utils:crandom
0     d9e0 :g_utils:spawn
0     da04 :g_utils:rint
0     da19 :g_utils:ent_remove
0     da3b :g_utils:nextent
0     da68 :g_utils:normalize
0     daf3 :g_utils:aim
0     db09 :g_utils:aim2
0     db1f :g_utils:streq
0     db49 :g_utils:strneq
0     db67 :g_utils:vlen
0     dba2 :g_utils:vectoyaw
0     dbe8 :g_utils:vectoangles
0     dc91 :g_utils:findradius
0     dd08 :g_utils:changeyaw
0     dd7b :g_utils:makevectors
0     dd8a :g_utils:G_dprintf
0     dda5 :g_utils:G_conprintf
0     ddc0 :g_utils:G_Error
0     dddb :g_utils:G_sprint
0     de03 :g_utils:G_bprint
0     de21 :g_utils:G_centerprint
0     de46 :g_utils:localcmd
0     de61 :g_utils:stuffcmd
0     de86 :g_utils:setorigin
0     de9f :g_utils:setsize
0     dec1 :g_utils:setmodel
0     ded4 :g_utils:sound
0     def0 :g_utils:checkclient
0     defe :g_utils:traceline
0     df23 :g_utils:TraceCapsule
0     df5a :g_utils:droptofloor
0     df6e :g_utils:checkbottom
0     df82 :g_utils:makestatic
0     df92 :g_utils:setspawnparam
0     dfa2 :g_utils:logfrag
0     dfbc :g_utils:infokey
0     dfd5 :g_utils:WriteEntity
0     dfe8 :g_utils:disableupdates
0     dffb :g_utils:walkmove
0     e031 :hook:Reset_Grapple
0     e070 :hook:Reset_My_Grapple
0     e0b4 :hook:Grapple_Track
0     e125 :hook:MakeLink
0     e19a :hook:Remove_Chain
0     e1e4 :hook:Update_Chain
0     e31b :hook:Build_Chain
0     e36a :hook:Check_Overhead
0     e5f8 :hook:Anchor_Grapple
0     e798 :hook:Throw_Grapple
0     e899 :hook:Service_Grapple
0     e9f2 :items:SUB_regen
0     ea38 :items:SP_noclass
0     ea5c :items:q_touch
0     eaf5 :items:DropQuad
0     ebbb :items:r_touch
0     ec54 :items:DropRing
0     ed1a :items:PlaceItem
0     ed89 :items:StartItem
0     ed9b :items:T_Heal
0     ee93 :items:SP_item_health
0     ef50 :items:health_touch
0     f132 :items:item_megahealth_rot
0     f1a8 :items:armor_touch
0     f41b :items:SP_item_armor1
0     f466 :items:SP_item_armor2
0     f4b1 :items:SP_item_armorInv
0     f4fc :items:bound_other_ammo
0     f6ae :items:RankForWeapon
0     f6eb :items:Deathmatch_Weapon
0     f6ee :items:Respawn_Item
0     f739 :items:weapon_touch
0     f9e2 :items:SP_weapon_supershotgun
0     fa33 :items:SP_weapon_nailgun
0     fa84 :items:SP_weapon_supernailgun
0     fad5 :items:SP_weapon_grenadelauncher
0     fb26 :items:SP_weapon_rocketlauncher
0     fb77 :items:SP_weapon_lightning
0     fbc8 :items:GetGrenadePossibility
0     fcb1 :items:ammo_touch
0     fe4a :items:SP_item_shells
0     fec1 :items:SP_item_spikes
0     ff38 :items:SP_item_rockets
0     ffaf :items:SP_item_cells
0    10026 :items:SP_item_weapon
0    10137 :items:key_touch
0    1020a :items:key_setsounds
0    10233 :items:SP_item_key1
0    102a3 :items:SP_item_key2
0    10313 :items:sigil_touch
0    103ae :items:SP_item_sigil
0    1045a :items:powerup_touch
0    1061a :items:SP_item_artifact_invulnerability
0    10690 :items:SP_item_artifact_envirosuit
0    106f1 :items:SP_item_artifact_invisibility
0    10757 :items:SP_item_artifact_super_damage
0    107d9 :items:BackpackTouch
0    10ba4 :items:DropBackpack
0    10d41 :mathlib:ProjectPointOnPlane
0    10df8 :mathlib:PerpendicularVector
0    10e64 :mathlib:RotatePointAroundVector
0    10f77 :mathlib:anglemod
0    10f89 :mathlib:BOPS_Error
0    10f8c :mathlib:BoxOnPlaneSide
0    11313 :mathlib:AngleVectors
0    113ff :mathlib:VectorCompare
0    11428 :mathlib:VectorCompareF
0    1144b :mathlib:VectorMA
0    1148d :mathlib:_DotProduct
0    114c2 :mathlib:_VectorSubtract
0    114fb :mathlib:_VectorAdd
0    11534 :mathlib:_VectorCopy
0    1155b :mathlib:CrossProduct
0    115d4 :mathlib:VectorLength
0    1160f :mathlib:VectorNormalize
0    1167f :mathlib:VectorInverse
0    116a7 :mathlib:VectorScale
0    116d7 :mathlib:Q_log2
0    116f6 :mathlib:R_ConcatRotations
0    118cb :mathlib:R_ConcatTransforms
0    11b52 :mathlib:FloorDivMod
0    11bc4 :mathlib:GreatestCommonDivisor
0    11c08 :mathlib:Invert24To16
0    11c1c :menu:Player_Menu
0    11d04 :menu:ResetMenu
0    11d2d :menu:Menu_Input
0    11d83 :menu:Menu_Team
0    11e0a :menu:Menu_Team_Input
0    11e42 :menu:Menu_Class
0    11f29 :menu:Menu_Class_Input
0    11f7d :menu:Menu_Drop
0    11f99 :menu:Menu_Drop_Input
0    11fc3 :menu:Menu_Intro
0    11ffb :menu:Menu_ClassHelp
0    12085 :menu:Menu_ClassHelp_Input
0    120a9 :menu:Menu_ClassHelp2
0    120dd :menu:Menu_RepeatHelp
0    120ee :menu:Menu_Engineer
0    12179 :menu:Menu_Engineer_Input
0    12279 :menu:Menu_EngineerFix_Dispenser
0    12284 :menu:Menu_EngineerFix_Dispenser_Input
0    125ba :menu:Menu_EngineerFix_SentryGun
0    12620 :menu:Menu_EngineerFix_SentryGun_Input
0    12a2c :menu:Menu_Dispenser
0    12a37 :menu:Menu_Dispenser_Input
0    12f3d :menu:Menu_Spy
0    12fb7 :menu:Menu_Spy_Input
0    13094 :menu:Menu_Spy_Skin
0    1309f :menu:Menu_Spy_Skin_Input
0    130bd :menu:Menu_Spy_Color
0    13125 :menu:Menu_Spy_Color_Input
0    13144 :menu:Menu_NULL
0    1314d :menu:BirthdayTimer
0    13266 :menu:Menu_BirthDay
0    13289 :menu:Menu_BirthDay_Input
0    13327 :menu:TG_Main_Menu
0    13332 :menu:TG_Main_Menu_Input
0    13383 :menu:TG_SGOptions_Menu
0    1340d :menu:TG_SGOptions_Menu_Input
0    134b9 :menu:TG_SG_Fire_Menu
0    1350c :menu:TG_SG_Fire_Menu_Input
0    13580 :menu:TG_Detpack_Menu
0    135da :menu:TG_Detpack_Menu_Input
0    13657 :menu:TG_Cheats_Menu
0    136ed :menu:TG_Cheats_Menu_Input
0    1378d :menu:TG_SavePosition_Menu
0    137b8 :menu:TG_SavePosition_Menu_Input
0    13959 :menu:Menu_DropStuff
0    13964 :menu:Menu_DropStuff_Input
0    139f9 :menu:Menu_Taunt
0    13a04 :menu:Menu_Yell
0    13a0f :menu:Menu_Taunt_Input
0    13abe :menu:Menu_Yell_Input
0    13c02 :misc:light_use
0    13c43 :misc:SP_light
0    13c94 :misc:SP_light_fluoro
0    13cfa :misc:SP_light_fluorospark
0    13d3e :misc:SP_light_globe
0    13d64 :misc:FireAmbient
0    13d8b :misc:SP_light_torch_small_walltorch
0    13db4 :misc:SP_light_flame_large_yellow
0    13de3 :misc:SP_light_flame_small_yellow
0    13e0c :misc:SP_light_flame_small_white
0    13e35 :misc:SP_misc_fireball
0    13e76 :misc:fire_fly
0    13f3a :misc:fire_touch
0    13f60 :misc:barrel_explode
0    13fd3 :misc:SP_misc_explobox
0    14079 :misc:SP_misc_explobox2
0    14120 :misc:Laser_Touch
0    14200 :misc:LaunchLaser
0    142cc :misc:spikeshooter_use
0    14342 :misc:shooter_think
0    14368 :misc:SP_trap_spikeshooter
0    143a4 :misc:SP_trap_shooter
0    143e9 :misc:SP_air_bubbles
0    14402 :misc:make_bubbles
0    144aa :misc:bubble_split
0    14570 :misc:bubble_remove
0    14594 :misc:bubble_bob
0    14645 :misc:viewthing
0    14671 :misc:func_wall_use
0    14682 :misc:SP_func_wall
0    146c9 :misc:SP_func_illusionary
0    14710 :misc:SP_func_episodegate
0    14765 :misc:SP_func_bossgate
0    147c8 :misc:SP_ambient_suck_wind
0    147ff :misc:SP_ambient_drone
0    14836 :misc:SP_ambient_flouro_buzz
0    1486d :misc:SP_ambient_drip
0    148a4 :misc:SP_ambient_comp_hum
0    148db :misc:SP_ambient_thunder
0    14912 :misc:SP_ambient_light_buzz
0    14949 :misc:SP_ambient_swamp1
0    14980 :misc:SP_ambient_swamp2
0    149b7 :misc:noise_think
0    14a48 :misc:SP_misc_noisemaker
0    14aa3 :plats:plat_spawn_inside_trigger
0    14c5e :plats:plat_hit_top
0    14c98 :plats:plat_hit_bottom
0    14cbc :plats:plat_go_down
0    14cf4 :plats:plat_go_up
0    14d2c :plats:plat_center_touch
0    14db9 :plats:plat_outside_touch
0    14e24 :plats:plat_trigger_use
0    14e33 :plats:plat_crush
0    14ec9 :plats:plat_use
0    14ee1 :plats:SP_func_plat
0    150d7 :plats:train_blocked
0    15103 :plats:train_use
0    15112 :plats:train_wait
0    15163 :plats:train_next
0    1520a :plats:func_train_find
0    15283 :plats:SP_func_train
0    1538a :plats:SP_misc_teleporttrain
0    15469 :player:player_touch
0    15670 :player:player_stand1
0    15759 :player:player_run
0    15924 :player:player_shot1
0    15945 :player:player_shot2
0    15963 :player:player_shot3
0    15981 :player:player_shot4
0    1599f :player:player_shot5
0    159bd :player:player_shot6
0    159db :player:player_autorifle1
0    159fc :player:player_autorifle2
0    15a1a :player:player_autorifle3
0    15a38 :player:player_axe1
0    15a56 :player:player_axe2
0    15a74 :player:player_axe3
0    15aa1 :player:player_axe4
0    15abf :player:player_axeb1
0    15add :player:player_axeb2
0    15afb :player:player_axeb3
0    15b28 :player:player_axeb4
0    15b46 :player:player_axec1
0    15b64 :player:player_axec2
0    15b82 :player:player_axec3
0    15baf :player:player_axec4
0    15bcd :player:player_axed1
0    15beb :player:player_axed2
0    15c09 :player:player_axed3
0    15c36 :player:player_axed4
0    15c54 :player:player_chain1
0    15c75 :player:player_chain1a
0    15c93 :player:player_chain2
0    15cb1 :player:player_chain2a
0    15ccf :player:player_chain3
0    15d09 :player:player_chain4
0    15d43 :player:player_chain5
0    15d61 :player:player_medikit1
0    15d7f :player:player_medikit2
0    15d9d :player:player_medikit3
0    15dbe :player:player_medikit4
0    15ddc :player:player_medikitb1
0    15dfa :player:player_medikitb2
0    15e18 :player:player_medikitb3
0    15e39 :player:player_medikitb4
0    15e57 :player:player_medikitc1
0    15e75 :player:player_medikitc2
0    15e93 :player:player_medikitc3
0    15eb4 :player:player_medikitc4
0    15ed2 :player:player_medikitd1
0    15ef0 :player:player_medikitd2
0    15f0e :player:player_medikitd3
0    15f2f :player:player_medikitd4
0    15f4d :player:player_bioweapon1
0    15f6b :player:player_bioweapon2
0    15f89 :player:player_bioweapon3
0    15faa :player:player_bioweapon4
0    15fc8 :player:player_bioweaponb1
0    15fe6 :player:player_bioweaponb2
0    16004 :player:player_bioweaponb3
0    16025 :player:player_bioweaponb4
0    16043 :player:player_bioweaponc1
0    16061 :player:player_bioweaponc2
0    1607f :player:player_bioweaponc3
0    160a0 :player:player_bioweaponc4
0    160be :player:player_bioweapond1
0    160dc :player:player_bioweapond2
0    160fa :player:player_bioweapond3
0    1611b :player:player_bioweapond4
0    16139 :player:player_mtf_nail1
0    1618a :player:player_mtf_nail2
0    161d2 :player:player_nail1
0    16244 :player:player_nail2
0    16291 :player:player_assaultcannonup1
0    16368 :player:player_assaultcannonup2
0    1643d :player:player_assaultcannon1
0    164db :player:player_assaultcannon2
0    16579 :player:player_assaultcannondown1
0    16666 :player:player_light1
0    166bc :player:player_light2
0    1670f :player:player_rocket1
0    16730 :player:player_rocket2
0    1674e :player:player_rocket3
0    1676c :player:player_rocket4
0    1678a :player:player_rocket5
0    167a8 :player:player_rocket6
0    167c6 :player:PainSound
0    16959 :player:player_pain1
0    1697a :player:player_pain2
0    16992 :player:player_pain3
0    169aa :player:player_pain4
0    169c2 :player:player_pain5
0    169da :player:player_pain6
0    169f2 :player:player_axpain1
0    16a13 :player:player_axpain2
0    16a2b :player:player_axpain3
0    16a43 :player:player_axpain4
0    16a5b :player:player_axpain5
0    16a73 :player:player_axpain6
0    16a8b :player:player_pain
0    16ad7 :player:DeathBubblesSpawn
0    16ba6 :player:DeathBubbles
0    16bff :player:DeathSound
0    16c82 :player:PlayerDead
0    16c91 :player:VelocityForDamage
0    16cf4 :player:ThrowGib
0    16df4 :player:ThrowHead
0    16e9b :player:HeadShotThrowHead
0    16f4c :player:KillPlayer
0    16f5e :player:GibPlayer
0    17142 :player:PlayerDie
0    17349 :player:set_suicide_frame
0    17382 :player:player_diea1
0    1739a :player:player_diea2
0    173b2 :player:player_diea3
0    173ca :player:player_diea4
0    173e2 :player:player_diea5
0    173fa :player:player_diea6
0    17412 :player:player_diea7
0    1742a :player:player_diea8
0    17442 :player:player_diea9
0    1745a :player:player_diea10
0    17472 :player:player_diea11
0    1748d :player:player_dieb1
0    174a5 :player:player_dieb2
0    174bd :player:player_dieb3
0    174d5 :player:player_dieb4
0    174ed :player:player_dieb5
0    17505 :player:player_dieb6
0    1751d :player:player_dieb7
0    17535 :player:player_dieb8
0    1754d :player:player_dieb9
0    17568 :player:player_diec1
0    17580 :player:player_diec2
0    17598 :player:player_diec3
0    175b0 :player:player_diec4
0    175c8 :player:player_diec5
0    175e0 :player:player_diec6
0    175f8 :player:player_diec7
0    17610 :player:player_diec8
0    17628 :player:player_diec9
0    17640 :player:player_diec10
0    17658 :player:player_diec11
0    17670 :player:player_diec12
0    17688 :player:player_diec13
0    176a0 :player:player_diec14
0    176b8 :player:player_diec15
0    176d3 :player:player_died1
0    176eb :player:player_died2
0    17703 :player:player_died3
0    1771b :player:player_died4
0    17733 :player:player_died5
0    1774b :player:player_died6
0    17763 :player:player_died7
0    1777b :player:player_died8
0    17793 :player:player_died9
0    177ae :player:player_diee1
0    177c6 :player:player_diee2
0    177de :player:player_diee3
0    177f6 :player:player_diee4
0    1780e :player:player_diee5
0    17826 :player:player_diee6
0    1783e :player:player_diee7
0    17856 :player:player_diee8
0    1786e :player:player_diee9
0    17889 :player:player_die_ax1
0    178a1 :player:player_die_ax2
0    178b9 :player:player_die_ax3
0    178d1 :player:player_die_ax4
0    178e9 :player:player_die_ax5
0    17901 :player:player_die_ax6
0    17919 :player:player_die_ax7
0    17931 :player:player_die_ax8
0    17949 :player:player_die_ax9
0    17964 :player:Headless_Think
0    179ac :pyro:FlameSpawn
0    17aef :pyro:FlameDestroy
0    17b03 :pyro:RemoveFlameFromQueue
0    17b8d :pyro:Remove
0    17b96 :pyro:NapalmGrenadeFollow
0    17c11 :pyro:NapalmGrenadeTouch
0    17c52 :pyro:NapalmGrenadeNetThink
0    17d2e :pyro:NapalmGrenadeExplode
0    17f76 :pyro:NapalmGrenadeLaunch
0    180ac :pyro:FlameFollow
0    182f3 :pyro:OnPlayerFlame_touch
0    18442 :pyro:QW_Flame_ResetTouch
0    1845f :pyro:WorldFlame_touch
0    185f2 :pyro:Flamer_stream_touch
0    18847 :pyro:Napalm_touch
0    18a78 :pyro:NewBubbles
0    18ae4 :pyro:W_FireFlame
0    18c98 :pyro:T_IncendiaryTouch
0    18e81 :pyro:W_FireIncendiaryCannon
0    18f9e :pyro:TeamFortress_IncendiaryCannon
0    18fc8 :pyro:TeamFortress_FlameThrower
0    18ff2 :q_shared:ShortSwap
0    19012 :q_shared:ShortNoSwap
0    1901d :q_shared:LongSwap
0    19050 :q_shared:LongNoSwap
0    19056 :q_shared:Long64Swap
0    19093 :q_shared:Long64NoSwap
0    1909b :q_shared:FloatSwap
0    190b1 :q_shared:FloatNoSwap
0    190b8 :q_shared:Q_isprint
0    190cd :q_shared:Q_islower
0    190e2 :q_shared:Q_isupper
0    190f7 :q_shared:Q_isalpha
0    19118 :q_shared:Q_strrchr
0    1914c :q_shared:Q_strncpyz
0    19181 :q_shared:Q_stricmpn
0    1920c :q_shared:Q_strncmp
0    1925e :q_shared:Q_stricmp
0    19286 :q_shared:Q_strlwr
0    192ac :q_shared:Q_strupr
0    192d2 :q_shared:Q_strcat
0    192fc :qmalloc:malloc_init
0    19336 :qmalloc:findspot
0    193c4 :qmalloc:usedblocks
0    193f1 :qmalloc:malloc
0    1941a :qmalloc:calloc
0    1943c :qmalloc:free
0    1947b :qmalloc:realloc
0    194c2 :qmalloc:alloca
0    1953e :qmalloc:alloca_reset
0    19546 :qmd5:MD5Init
0    1956b :qmd5:MD5Update
0    1963c :qmd5:MD5Final
0    196e0 :qmd5:MD5Transform
0    1a17d :scout:CanisterTouch
0    1a1be :scout:CaltropTouch
0    1a25c :scout:CaltropScatterThink
0    1a3cc :scout:ScatterCaltrops
0    1a50d :scout:FlashGrenadeTouch
0    1a54e :scout:FlashTimer
0    1a5c1 :scout:FlashTimerNew
0    1a634 :scout:FlashPlayer
0    1a73d :scout:FlashGrenadeExplode
0    1a8ad :scout:ConcussionGrenadeTouch
0    1a8ee :scout:ConcussionGrenadeExplode
0    1a958 :scout:OldConcussionGrenadeTimer
0    1aa9b :scout:ConcussionGrenadeTimer
0    1ad02 :scout:TeamFortress_AutoScan
0    1ad2a :scout:ScannerSwitch
0    1adb6 :scout:ConcPlayer
0    1ae83 :scout:T_RadiusBounce
0    1afd1 :scout:TeamFortress_Scan_Angel
0    1b4aa :sentry:ai_face
0    1b50f :sentry:lvl1_sentry_stand
0    1b52a :sentry:lvl1_sentry_atk1
0    1b593 :sentry:lvl1_sentry_atk2
0    1b5b1 :sentry:lvl1_sentry_atk3
0    1b5cc :sentry:lvl2_sentry_stand
0    1b5e7 :sentry:lvl2_sentry_atk1
0    1b650 :sentry:lvl2_sentry_atk2
0    1b66e :sentry:lvl2_sentry_atk3
0    1b68c :sentry:lvl3_sentry_stand
0    1b6a7 :sentry:lvl3_sentry_atk1
0    1b720 :sentry:lvl3_sentry_atk2
0    1b73e :sentry:lvl3_sentry_atk3
0    1b75c :sentry:Sentry_Rotate
0    1b832 :sentry:CheckTarget
0    1b92b :sentry:Sentry_FindTarget_Angel
0    1b9bb :sentry:Sentry_FindTarget
0    1ba43 :sentry:Sentry_FoundTarget
0    1ba98 :sentry:Sentry_HuntTarget
0    1bb24 :sentry:Sentry_Pain
0    1bb33 :sentry:Sentry_Explode
0    1bbed :sentry:SG_Static
0    1bc1e :sentry:Sentry_Die
0    1bd7d :sentry:FireSentryBulletsNEW
0    1becd :sentry:FireSentryBulletsMTFL2
0    1c057 :sentry:FireSentryLighting
0    1c445 :sentry:LaunchSGRocketOLD
0    1c556 :sentry:CheckAim
0    1c610 :sentry:LaunchSGRocketNEW
0    1c8bc :sentry:Sentry_Fire
0    1cb63 :sentry:Sentry_MuzzleFlash
0    1cb76 :sentry:Eng_StaticSG_Activate
0    1ccd3 :server:t_movetarget
0    1cd83 :server:movetarget_f
0    1cdbc :server:SP_path_corner
0    1cdd2 :sniper:TeamFortress_SniperWeapon
0    1ce2b :sniper:TF_zoom
0    1ce44 :sniper:SniperSight_Update
0    1d009 :sniper:SniperSight_Create
0    1d0b3 :sniper:TeamFortress_AutoZoomToggle
0    1d0f1 :spectate:SpectatorConnect
0    1d110 :spectate:SpectatorDisconnect
0    1d126 :spectate:SpectatorImpulseCommand
0    1d1bf :spectate:SpectatorThink
0    1d1cc :spy:spy_diea1
0    1d1e4 :spy:spy_diea2
0    1d1fc :spy:spy_diea3
0    1d214 :spy:spy_diea4
0    1d22c :spy:spy_diea5
0    1d244 :spy:spy_diea6
0    1d25c :spy:spy_diea7
0    1d274 :spy:spy_diea8
0    1d28c :spy:spy_diea9
0    1d2a4 :spy:spy_diea10
0    1d2bc :spy:spy_diea11
0    1d2d4 :spy:spy_dieb1
0    1d2ec :spy:spy_dieb2
0    1d304 :spy:spy_dieb3
0    1d31c :spy:spy_dieb4
0    1d334 :spy:spy_dieb5
0    1d34c :spy:spy_dieb6
0    1d364 :spy:spy_dieb7
0    1d37c :spy:spy_dieb8
0    1d394 :spy:spy_dieb9
0    1d3ac :spy:spy_diec1
0    1d3c4 :spy:spy_diec2
0    1d3dc :spy:spy_diec3
0    1d3f4 :spy:spy_diec4
0    1d40c :spy:spy_diec5
0    1d424 :spy:spy_diec6
0    1d43c :spy:spy_diec7
0    1d454 :spy:spy_diec8
0    1d46c :spy:spy_diec9
0    1d484 :spy:spy_diec10
0    1d49c :spy:spy_diec11
0    1d4b4 :spy:spy_diec12
0    1d4cc :spy:spy_diec13
0    1d4e4 :spy:spy_diec14
0    1d4fc :spy:spy_diec15
0    1d514 :spy:spy_died1
0    1d52c :spy:spy_died2
0    1d544 :spy:spy_died3
0    1d55c :spy:spy_died4
0    1d574 :spy:spy_died5
0    1d58c :spy:spy_died6
0    1d5a4 :spy:spy_died7
0    1d5bc :spy:spy_died8
0    1d5d4 :spy:spy_died9
0    1d5ec :spy:spy_diee1
0    1d604 :spy:spy_diee2
0    1d61c :spy:spy_diee3
0    1d634 :spy:spy_diee4
0    1d64c :spy:spy_diee5
0    1d664 :spy:spy_diee6
0    1d67c :spy:spy_diee7
0    1d694 :spy:spy_diee8
0    1d6ac :spy:spy_diee9
0    1d6c4 :spy:spy_die_ax1
0    1d6dc :spy:spy_die_ax2
0    1d6f4 :spy:spy_die_ax3
0    1d70c :spy:spy_die_ax4
0    1d724 :spy:spy_die_ax5
0    1d73c :spy:spy_die_ax6
0    1d754 :spy:spy_die_ax7
0    1d76c :spy:spy_die_ax8
0    1d784 :spy:spy_die_ax9
0    1d79c :spy:spy_upb1
0    1d7b4 :spy:spy_upb2
0    1d7cc :spy:spy_upb3
0    1d7e4 :spy:spy_upb4
0    1d7fc :spy:spy_upb5
0    1d814 :spy:spy_upb6
0    1d82c :spy:spy_upb7
0    1d844 :spy:spy_upb8
0    1d85c :spy:spy_upb9
0    1d877 :spy:spy_upc1
0    1d88f :spy:spy_upc2
0    1d8a7 :spy:spy_upc3
0    1d8bf :spy:spy_upc4
0    1d8d7 :spy:spy_upc5
0    1d8ef :spy:spy_upc6
0    1d907 :spy:spy_upc7
0    1d91f :spy:spy_upc8
0    1d937 :spy:spy_upc9
0    1d94f :spy:spy_upc10
0    1d967 :spy:spy_upc11
0    1d97f :spy:spy_upc12
0    1d997 :spy:spy_upc13
0    1d9af :spy:spy_upc14
0    1d9c7 :spy:spy_upc15
0    1d9e2 :spy:spy_upd1
0    1d9fa :spy:spy_upd2
0    1da12 :spy:spy_upd3
0    1da2a :spy:spy_upd4
0    1da42 :spy:spy_upd5
0    1da5a :spy:spy_upd6
0    1da72 :spy:spy_upd7
0    1da8a :spy:spy_upd8
0    1daa2 :spy:spy_upd9
0    1dabd :spy:spy_upe1
0    1dad5 :spy:spy_upe2
0    1daed :spy:spy_upe3
0    1db05 :spy:spy_upe4
0    1db1d :spy:spy_upe5
0    1db35 :spy:spy_upe6
0    1db4d :spy:spy_upe7
0    1db65 :spy:spy_upe8
0    1db7d :spy:spy_upe9
0    1db98 :spy:spy_upaxe1
0    1dbb0 :spy:spy_upaxe2
0    1dbc8 :spy:spy_upaxe3
0    1dbe0 :spy:spy_upaxe4
0    1dbf8 :spy:spy_upaxe5
0    1dc10 :spy:spy_upaxe6
0    1dc28 :spy:spy_upaxe7
0    1dc40 :spy:spy_upaxe8
0    1dc58 :spy:spy_upaxe9
0    1dc73 :spy:TeamFortress_SpyFeignDeath
0    1dfac :spy:TeamFortress_SpyGoUndercover
0    1e090 :spy:TeamFortress_SpyCalcName
0    1e117 :spy:TeamFortress_SpyUndercoverThink
0    1e20f :spy:TeamFortress_SpyChangeSkin
0    1e292 :spy:TeamFortress_SpyChangeColor
0    1e340 :spy:GasGrenadeTouch
0    1e381 :spy:GasGrenadeExplode
0    1e4c2 :spy:GasGrenadeMakeGas
0    1e718 :spy:GasEffect1
0    1e7a5 :spy:GasEffect2
0    1e814 :spy:GasEffect3
0    1e8fd :spy:HallucinationTimer
0    1ea20 :spy:W_FireTranq
0    1eafe :spy:T_TranqDartTouch
0    1eca9 :spy:TranquiliserTimer
0    1ece8 :spy:Spy_RemoveDisguise
0    1edaf :spy:ResetGasSkins
0    1ee9f :spy:SetGasSkins
0    1f0a3 :status:CenterPrint
0    1f0d1 :status:RefreshStatusBar
0    1f290 :status:GetStatusSize
0    1f2db :status:GetClipSize
0    1f324 :status:GetSpySbar
0    1f3c1 :status:GetEngSbar
0    1f513 :status:StatusRes
0    1f539 :subs:SetMovedir
0    1f5c3 :subs:InitTrigger
0    1f60a :subs:SUB_CalcMoveEnt
0    1f625 :subs:SUB_CalcMove
0    1f6eb :subs:SUB_CalcMoveDone
0    1f72a :subs:DelayThink
0    1f73f :subs:SUB_UseTargets
0    1f8a0 :subs:SUB_AttackFinished
0    1f8b7 :subs:SUB_CheckRefire
0    1f8e8 :tfort:UseSpecialSkill
0    1fb21 :tfort:TeamFortress_ChangeClass
0    1ffb2 :tfort:TeamFortress_DisplayLegalClasses
0    201c4 :tfort:TeamFortress_Inventory
0    20403 :tfort:TeamFortress_ShowTF
0    209d6 :tfort:TeamFortress_PrimeGrenade
0    20bcd :tfort:TeamFortress_GrenadePrimed
0    210b4 :tfort:TeamFortress_ThrowGrenade
0    21102 :tfort:IsLegalClass
0    21138 :tfort:TeamFortress_SetSpeed
0    212eb :tfort:TeamFortress_SetHealth
0    21322 :tfort:TeamFortress_GetSkinByTeamClass
0    21349 :tfort:TeamFortress_GetSkin
0    213a0 :tfort:TeamFortress_SetSkin
0    2143f :tfort:TeamFortress_SetColor
0    21493 :tfort:TeamFortress_SetEquipment
0    219d2 :tfort:TeamFortress_GetMaxAmmo
0    21a29 :tfort:TeamFortress_CanGetWeapon
0    21a3c :tfort:TeamFortress_DescribeArmor
0    21a9f :tfort:TeamFortress_AddBackpackItems
0    21aa2 :tfort:TeamFortress_GetClassName
0    21aad :tfort:TeamFortress_PrintClassName
0    21ade :tfort:TeamFortress_RemoveTimers
0    21cb6 :tfort:TeamFortress_SetupRespawn
0    21dd5 :tfort:TeamFortress_CheckClassStats
0    2204b :tfort:TeamFortress_DropAmmo
0    2233a :tfort:TeamFortress_AmmoboxRemove
0    22349 :tfort:TeamFortress_AmmoboxTouch
0    225bc :tfort:RemoveOldAmmoboxOld
0    22635 :tfort:RemoveOldAmmobox
0    226ac :tfort:increment_team_ammoboxes
0    226f4 :tfort:decrement_team_ammoboxes
0    22710 :tfort:TeamFortress_AssaultWeapon
0    22771 :tfort:TeamFortress_ExplodePerson
0    22a9f :tfort:NormalGrenadeTouch
0    22af2 :tfort:NormalGrenadeExplode
0    22b5f :tfort:TeamFortress_DisplayDetectionItems
0    22c3f :tfort:BioInfection_Decay
0    22df4 :tfort:BioInfection_MonsterDecay
0    22e3e :tfort:TeamFortress_Alias
0    22e66 :tfort:TeamFortress_Regenerate
0    22f0e :tfort:TeamFortress_RegenerateCells
0    22fb1 :tfort:TeamFortress_AutoID
0    22fd6 :tfort:PlayerObserverMode
0    2302f :tfort:crossproduct
0    23057 :tfort:TF_AddFrags
0    23116 :tfort:TeamFortress_ExecClassScript
0    2314a :tfort:TeamFortress_ExecMapScript
0    2316b :tfort:KickCheater
0    231cc :tfort:TeamFortress_PrepareForArenaRespawn
0    2325f :tforthlp:TeamFortress_MOTD
0    23782 :tforthlp:TeamFortress_HelpMap
0    237b9 :tfortmap:UpdateAbbreviations
0    23818 :tfortmap:TF_PlaceItem
0    238e7 :tfortmap:TF_StartItem
0    2390c :tfortmap:TF_PlaceGoal
0    239e7 :tfortmap:TF_StartGoal
0    23a12 :tfortmap:CheckExistence
0    23a76 :tfortmap:SP_info_tfdetect
0    23a7f :tfortmap:SP_info_player_teamspawn
0    23ad0 :tfortmap:SP_i_p_t
0    23adc :tfortmap:SP_info_tfgoal
0    23bf0 :tfortmap:SP_i_t_g
0    23bfc :tfortmap:SP_info_tfgoal_timer
0    23ceb :tfortmap:SP_i_t_t
0    23cf7 :tfortmap:SP_item_tfgoal
0    23e5b :tfortmap:ParseTFDetect
0    23f80 :tfortmap:Finditem
0    23fbf :tfortmap:Findgoal
0    23ffd :tfortmap:Findteamspawn
0    2403b :tfortmap:InactivateGoal
0    24094 :tfortmap:RestoreGoal
0    24100 :tfortmap:RemoveGoal
0    2411e :tfortmap:IsAffectedBy
0    242bc :tfortmap:Apply_Results
0    248df :tfortmap:RemoveResults
0    24d25 :tfortmap:APMeetsCriteria
0    24fd4 :tfortmap:SetupRespawn
0    2503d :tfortmap:DoRespawn
0    2504c :tfortmap:Activated
0    250c0 :tfortmap:AttemptToActivate
0    25135 :tfortmap:DoGoalWork
0    25271 :tfortmap:DoGroupWork
0    25475 :tfortmap:DoItemGroupWork
0    25598 :tfortmap:DoTriggerWork
0    2561d :tfortmap:DelayedResult
0    25652 :tfortmap:DoResults
0    25be7 :tfortmap:tfgoal_touch
0    25c9f :tfortmap:info_tfgoal_use
0    25cb2 :tfortmap:tfgoal_timer_tick
0    25cf4 :tfortmap:item_tfgoal_touch
0    25f7b :tfortmap:MoveFlag
0    260cf :tfortmap:tfgoalitem_GiveToPlayer
0    2633c :tfortmap:ReturnItem
0    2645e :tfortmap:tfgoalitem_RemoveFromPlayer
0    267d9 :tfortmap:tfgoalitem_dropthink
0    26956 :tfortmap:tfgoalitem_droptouch
0    2696e :tfortmap:tfgoalitem_drop
0    26b26 :tfortmap:tfgoalitem_remove
0    26b69 :tfortmap:tfgoalitem_checkgoalreturn
0    26ba5 :tfortmap:DisplayItemStatus
0    26d16 :tfortmap:SP_info_player_team1
0    26d34 :tfortmap:SP_info_player_team2
0    26d52 :tfortmap:SP_item_flag_team2
0    26fee :tfortmap:SP_item_flag_team1
0    2728a :tfortmap:CTF_FlagCheck
0    27350 :tfortmap:ForceRespawn
0    274ee :tfortmap:DropGoalItems
0    2759c :tforttm:TeamFortress_TeamPutPlayerInTeam
0    275f9 :tforttm:TeamFortress_TeamGetColor
0    2760c :tforttm:TeamFortress_TeamGetTopColor
0    2761f :tforttm:LoadTeamNames
0    27656 :tforttm:GetTeamName
0    27673 :tforttm:SetTeamName
0    276cf :tforttm:TeamFortress_TeamSet
0    278a4 :tforttm:TeamFortress_CheckTeamCheats
0    27b38 :tforttm:TeamFortress_TeamGetScore
0    27b53 :tforttm:TeamFortress_TeamIncreaseScore
0    27bc6 :tforttm:TeamFortress_TeamGetScoreFrags
0    27c00 :tforttm:TeamFortress_TeamGetLives
0    27c1b :tforttm:TeamFortress_TeamGetNoPlayers
0    27c4b :tforttm:TeamFortress_GetNoPlayers
0    27c73 :tforttm:TeamFortress_TeamGetMaxPlayers
0    27c8e :tforttm:TeamFortress_TeamGetWinner
0    27cc8 :tforttm:TeamFortress_TeamGetSecond
0    27d1f :tforttm:TeamFortress_TeamShowScores
0    27f0d :tforttm:TeamFortress_TeamGetColorString
0    27f2a :tforttm:TeamFortress_TeamShowMemberClasses
0    27fbd :tforttm:TeamFortress_TeamShowMemberClasses_New
0    281db :tforttm:CalculateTeamEqualiser
0    28435 :tforttm:SetupTeamEqualiser
0    28474 :tforttm:TeamEqualiseDamage
0    2852a :tforttm:TeamFortress_StatusQuery
0    2857e :tforttm:TeamFortress_TeamGetIllegalClasses
0    28599 :tforttm:TeamFortress_TeamIsCivilian
0    285c7 :tforttm:ClassIsRestricted
0    28671 :tforttm:teamsprint
0    286ab :tforttm:TeamFortress_isTeamsAllied
0    286f4 :tg:TG_LoadSettings
0    28a7e :tg:TG_Cmd
0    28ce6 :tg:TG_Eff_Flash
0    28d0c :tg:TG_Eff_Conc
0    28d32 :tg:TG_Eff_Remove
0    28f36 :triggers:trigger_reactivate
0    28f3f :triggers:multi_wait
0    28f63 :triggers:multi_trigger
0    2900b :triggers:multi_killed
0    2901a :triggers:multi_use
0    29029 :triggers:multi_touch
0    290cb :triggers:SP_trigger_multiple
0    29192 :triggers:SP_trigger_once
0    291ae :triggers:SP_trigger_relay
0    291c7 :triggers:SP_trigger_secret
0    29229 :triggers:counter_use
0    292d9 :triggers:SP_trigger_counter
0    29305 :triggers:play_teleport
0    29353 :triggers:spawn_tfog
0    293d4 :triggers:tdeath_touch
0    29487 :triggers:spawn_tdeath
0    29534 :triggers:teleport_touch
0    2976e :triggers:SP_info_teleport_destination
0    297dd :triggers:teleport_use
0    297f2 :triggers:SP_trigger_teleport
0    2987d :triggers:SP_trigger_setskill
0    29886 :triggers:trigger_onlyregistered_touch
0    29939 :triggers:SP_trigger_onlyregistered
0    2995a :triggers:hurt_on
0    29969 :triggers:hurt_touch
0    299da :triggers:SP_trigger_hurt
0    29a03 :triggers:trigger_push_touch
0    29b1c :triggers:SP_trigger_push
0    29b4a :triggers:trigger_monsterjump_touch
0    29ba5 :triggers:SP_trigger_monsterjump
0    29c06 :tsoldier:NailGrenadeTouch
0    29c53 :tsoldier:NailGrenadeExplode
0    29d7d :tsoldier:NailGrenadeNailEm
0    29da7 :tsoldier:NailGrenadeLaunchNail
0    29ebf :version:build_number
0    29f54 :vote:CountPlayers
0    29f85 :vote:VoteThink
0    29fc9 :vote:Vote_ChangeMap_Init
0    2a068 :vote:Vote_ChangeMap_Yes
0    2a131 :vote:Vote_ChangeMap_No
0    2a1c4 :vote:Vote_Elect_Init
0    2a2d7 :vote:Vote_Elect_Yes
0    2a3b4 :vote:Vote_Elect_No
0    2a448 :vote:Vote_Cmd
0    2a53b :megatf\common:TeamFortress_NightVision
0    2a834 :megatf\common:lay
0    2a853 :megatf\common:unlay
0    2a872 :megatf\common:HoloHumm
0    2a90c :megatf\common:HoloDood
0    2aa40 :megatf\common:MakeHolo
0    2aa72 :megatf\common:ShellHit
0    2aab2 :megatf\common:EjectShell
0    2ad3a :megatf\common:mtf_deathmsg
0    2ad47 :megatf\common:s2_explode1
0    2ad62 :megatf\common:s2_explode2
0    2ad7d :megatf\common:s2_explode3
0    2ad98 :megatf\common:s2_explode4
0    2adb3 :megatf\common:s2_explode5
0    2adce :megatf\common:s2_explode6
0    2ade9 :megatf\common:s2_explode7
0    2ae04 :megatf\common:s2_explode8
0    2ae1f :megatf\common:make_explosion
0    2ae98 :megatf\drop1:MagTimer
0    2af27 :megatf\drop1:MagMineActivate
0    2afc6 :megatf\drop1:RemoveAlarmMine
0    2afe2 :megatf\drop1:RemoveAIDSMine
0    2b007 :megatf\drop1:RemoveFlashMine
0    2b02c :megatf\drop1:RemoveSpikeTrap
0    2b051 :megatf\drop1:RemoveMagnetMine
0    2b076 :megatf\drop1:AlarmMineTouch
0    2b14a :megatf\drop1:AIDSMineTouch
0    2b26b :megatf\drop1:FlashMineTouch
0    2b2d4 :megatf\drop1:SpikeTrapTouch
0    2b3de :megatf\drop1:MagnetMineTouch
0    2b467 :megatf\drop1:ThrowMine
0    2b5dd :megatf\drop1:A_Mine
0    2b61b :megatf\drop1:B_Mine
0    2b691 :megatf\drop1:C_Mine
0    2b71c :megatf\drop1:S_Mine
0    2b78c :megatf\drop1:M_Mine
0    2b802 :megatf\drop2:ToasterTouch
0    2b82f :megatf\drop2:ToasterElec
0    2b8c9 :megatf\drop2:Toaster
0    2ba59 :megatf\drop3:Drop3
0    2babc :megatf\mtf_scout:TeamFortress_DetpackDisarmTrigger
0    2bbfc :megatf\mtf_scout:DetpackDisarm
0    2bc50 :megatf\mtf_scout:SuperLeap
0    2bcea :megatf\mtf_scout:FlashTimer2
0    2bd5d :megatf\mtf_scout:FlashGrenadeExplode2
0    2be18 :megatf\mtf_sniper:MushroomFlame
0    2bec4 :megatf\mtf_sniper:AirStrike
0    2bee6 :megatf\mtf_sniper:AirStrike_FlyBy
0    2bf0d :megatf\mtf_sniper:AirStrike_Explode
0    2bfd8 :megatf\mtf_sniper:AirStrike_Target
0    2c07d :megatf\mtf_soldier:Prox_Disarm
0    2c0d4 :megatf\mtf_soldier:ProxiDie
0    2c112 :megatf\mtf_soldier:FoundBastard
0    2c22d :megatf\mtf_soldier:ProxArmed
0    2c36e :megatf\mtf_soldier:ProxAttach
0    2c399 :megatf\mtf_soldier:OneProx
0    2c3e9 :megatf\mtf_soldier:Prox
0    2c6f5 :megatf\mtf_demoman:BalloonMIRVtouch
0    2c74c :megatf\mtf_demoman:BalloonMirvGrenadeLaunch
0    2c827 :megatf\mtf_demoman:BalloonMIRVpop
0    2c878 :megatf\mtf_demoman:BalloonMIRVnoise
0    2c8de :megatf\mtf_demoman:BalloonMIRV
0    2ca5d :megatf\mtf_medic:HealSelf
0    2ccea :megatf\mtf_hwguy:BigAssBullet
0    2cde6 :megatf\mtf_hwguy:W_FireBigAss
0    2cede :megatf\mtf_hwguy:BigAssCarry
0    2cf7f :megatf\mtf_pyro:RemoveLavaPool
0    2cfaf :megatf\mtf_pyro:LavaTouch
0    2d075 :megatf\mtf_pyro:LavaBallTouch
0    2d0ef :megatf\mtf_pyro:LavaBecome
0    2d180 :megatf\mtf_pyro:LavaPool
0    2d2bd :megatf\mtf_spy:SpyPackRemove
0    2d2d9 :megatf\mtf_spy:SpyPackTouch
0    2d383 :megatf\mtf_spy:SpyPack
0    2d4e9 :megatf\mtf_engineer:Drone
0    2d6bd :megatf\mtf_engineer:Drone_Laser_Touch
0    2d780 :megatf\mtf_engineer:DroneLaunchLaser
0    2d87c :megatf\mtf_engineer:DroneDoneTouch
0    2d899 :megatf\mtf_engineer:DroneDie
0    2d8fe :megatf\mtf_engineer:DroneFall
0    2d971 :megatf\mtf_engineer:DroneJet
0    2db78 :megatf\map_ents:trigger_jumper_touch
0    2dc38 :megatf\map_ents:trigger_jumper
0    2dc66 :megatf\map_ents:blocker_use
0    2dcfa :megatf\map_ents:glass_pain
0    2dd15 :megatf\map_ents:glass_die
0    2df7b :megatf\map_ents:func_glass
0    2e1e7 :megatf\map_ents:ambient_sound
0    2e276 :megatf\map_ents:ambient_brook
0    2e2bf :megatf\map_ents:ambient_jungle
0    2e308 :megatf\map_ents:ambient_nightpond
0    2e351 :megatf\map_ents:ambient_alert
0    2e39a :megatf\map_ents:ambient_onboard
0    2e410 :megatf\map_ents:ambient_unholy
0    2e459 :megatf\map_ents:ambient_rocket_engine
0    2e4a2 :megatf\map_ents:ambient_high_wind
0    2e4eb :megatf\map_ents:ambient_peakwind
0    2e534 :megatf\map_ents:ambient_chant
0    2e57d :megatf\map_ents:ambient_meadow
0    2e5c6 :megatf\map_ents:ambient_ocean
0    2e60f :megatf\map_ents:ambient_ice_moving
0    2e658 :megatf\map_ents:ambient_eerie
0    2e6a1 :megatf\map_ents:ambient_flagflap
0    2e6ea :megatf\map_ents:ambient_diesel
0    2e733 :megatf\map_ents:ambient_chopper
0    2e77c :megatf\map_ents:ambient_suck_wind
0    2e7b3 :megatf\map_ents:ambient_drone
0    2e7fc :megatf\map_ents:ambient_flouro_buzz
0    2e833 :megatf\map_ents:ambient_drip
0    2e87c :megatf\map_ents:ambient_comp_hum
0    2e8b3 :megatf\map_ents:ambient_thunder
0    2e8ef :megatf\map_ents:ambient_light_buzz
0    2e926 :megatf\map_ents:ambient_swamp1
0    2e95d :megatf\map_ents:ambient_swamp2
0    2e994 :megatf\map_ents:BallTouch
0    2ea55 :megatf\map_ents:BallCheck
0    2ea6d :megatf\map_ents:ballstart
0    2ea7e :megatf\map_ents:BallStart
0    2eae6 :megatf\map_ents:ball
0    2eb73 :megatf\map_ents:GoalTouch
0    2ec73 :megatf\map_ents:sandball_goal
0    2ece5 :megatf\obituary:Mega_ClientObituary
0    2f5ef :weapons:W_Precache
0    2f859 :weapons:Attack_Finished
0    2f87d :weapons:W_FireAxe
0    2fa03 :weapons:W_FireSpanner
0    2fd36 :weapons:W_FireMedikit
0    3032e :weapons:W_FireBioweapon
0    3055d :weapons:wall_velocity
0    305e8 :weapons:SpawnMeatSpray
0    306a1 :weapons:SpawnBlood
0    306f6 :weapons:spawn_touchblood
0    3072d :weapons:SpawnChunk
0    30730 :weapons:ClearMultiDamage
0    30740 :weapons:ApplyMultiDamage
0    30769 :weapons:AddMultiDamage
0    30790 :weapons:Multi_Finish
0    30815 :weapons:TraceAttack
0    3086d :weapons:FireBullets
0    30a83 :weapons:W_FireShotgun
0    30adf :weapons:W_FireSuperShotgun
0    30b45 :weapons:FireSniperBullet
0    30c04 :weapons:W_FireSniperRifle
0    30f3e :weapons:W_FireAutoRifle
0    30f9b :weapons:W_FireAssaultCannon
0    31032 :weapons:check_water
0    31085 :weapons:s_explode1
0    310a0 :weapons:s_explode2
0    310bb :weapons:s_explode3
0    310d6 :weapons:s_explode4
0    310f1 :weapons:s_explode5
0    3110c :weapons:s_explode6
0    31127 :weapons:BecomeExplosion
0    31130 :weapons:T_MissileTouch
0    31246 :weapons:W_FireRocket
0    3134a :weapons:LightningHit
0    3139a :weapons:LightningDamage
0    3154f :weapons:W_FireLightning
0    316d9 :weapons:CountPlayerPipebombs
0    31716 :weapons:ExplodeOldPipebomb
0    3179e :weapons:increment_team_pipebombs
0    317bf :weapons:decrement_team_pipebombs
0    317e0 :weapons:GrenadeExplode
0    318f8 :weapons:GrenadeTouch
0    31951 :weapons:W_FireGrenade
0    31c7e :weapons:launch_spike
0    31d20 :weapons:W_FireSuperSpikes
0    31db5 :weapons:W_FireMTFSpikes
0    31efd :weapons:W_FireSpikes
0    31ff5 :weapons:spike_touch
0    32126 :weapons:superspike_touch
0    32233 :weapons:W_SetCurrentAmmo
0    326c1 :weapons:W_BestWeapon
0    327b5 :weapons:W_CheckNoAmmo
0    32829 :weapons:W_Reload_shotgun
0    3287c :weapons:W_Reload_super_shotgun
0    328cf :weapons:W_Reload_grenade_launcher
0    32931 :weapons:W_Reload_rocket_launcher
0    32984 :weapons:CheckForReload
0    32bd5 :weapons:W_Attack
0    33087 :weapons:W_PrintWeaponMessage
0    3318f :weapons:W_ChangeWeapon
0    33783 :weapons:CycleWeaponCommand
0    33a31 :weapons:ImpulseCommands
0    34050 :weapons:PreMatchImpulses
0    340dc :weapons:DeadImpulses
0    34214 :weapons:Angel_SaveImpulse
0    34334 :weapons:Angel_GetSavedImpulse
0    34440 :weapons:W_WeaponFrame
0    3472b :weapons:SuperDamageSound
0    3475a :world:InitBodyQue
0    347b1 :world:CopyToBodyQue
0    34905 :world:SP_worldspawn
0    34d1c :world:StartFrame
0    34d6b :bot\ai:ThrowGrenade
0    34dbf :bot\ai:Bot_AI
0    34ea5 :bot\ai:SelectWP
0    34fe6 :bot\ai-misc:CheckForResupply
0    35017 :bot\ai-misc:GoForResupply
0    3503b :bot\ai-misc:PickAName
0    35040 :bot\ai-misc:BotImpulseMenu
0    35164 :bot\ai-misc:BotImpulse
0    35187 :bot\fighting:ReloadWeapons
0    3527a :bot\fighting:ClearAllTargets
0    352a5 :bot\move:AtLocation
0    352e2 :bot\move:ClearAllWaypoints
0    35349 :bot\move:subangle
0    35379 :bot\move:InitCalcMovement
0    3542b :bot\move:ChangeBotYaw
0    35475 :bot\move:WPChange
0    35672 :bot\move:DoMovement
0    35944 :bot\qw:CL_KeyState
0    3595c :bot\qw:Bot_CL_KeyMove
0    35a65 :bot\qw:BotFrame
0    35b19 :bot\qw:botConnect
0    35b7d :bot\qw:botDisconnect
0    35ba9 :bot\ui:BotReport
0    35c66 :bot\ui:AddBot
0    35ccd :bot\ui:RemoveBot
0    35d07 :bot\ui:ResupplySetBot
0    35d72 :bot\ui:Bot
0    35e07 :bot\ui:BotSet
0    35e69 :bot\ui:BotTest
0    35e6c :bot\waypoint:ClearWaypoints
0    35ecc :bot\waypoint:AddWaypoint
0    35fdd :bot\waypoint:WaypointFindNearest
0    36049 :bot\waypoint:WaypointFindNearestVisible
0    360fa :bot\waypoint:WaypointFindVisible
0    3617c :bot\waypoint:WaypointFindByType
0    361f1 :bot\waypoint:WaypointFindInRadius
0    36272 :bot\waypoint:AddLink
0    3636f :bot\waypoint:FreePath
0    36389 :bot\waypoint:PrintPath
0    363ba :bot\waypoint:WaypointFindPath
0    3655d :bot\waypoint:DrawWPS
1        4 :g_main:world
1        8 :g_main:expfields
1       38 :g_main:gamedata
1       94 :actions:default_class_discard
1      134 :admin_cmd:max_adminlevel
1      138 :admin_cmd:admin_cmds
1      1b0 :bg_lib:randSeed
1      240 :client:VEC_ORIGIN
1      24c :client:VEC_HULL_MIN
1      258 :client:VEC_HULL_MAX
1      264 :client:VEC_HULL2_MIN
1      270 :client:VEC_HULL2_MAX
1      27c :client:intermission_running
1      280 :client:intermission_exittime
1      28c :client:lastspawn_team
1      2a0 :client:team_spawn_str
1      2b4 :client:already_cycled
1      544 :coop:key_models1
1      550 :coop:key_names1
1      55c :coop:key_sound1
1      568 :coop:key_models2
1      574 :coop:key_names2
1      580 :coop:key_sound2
1      58c :crc32:crc_table
1      98c :flare:num_team_flares
1      9a0 :g_cmd:cmds
1      a24 :g_mem:allocPoint
1      a28 :g_mod_command:mod_cmds
1      a44 :g_spawn:fields
1     1740 :g_spawn:spawns
1     1af8 :mathlib:vec3_origin
1     1b04 :mathlib:nanmask
1     1b28 :menu:menus
1     1df8 :menu:NUM_menus
1     1dfc :menu:team_menu_strings
1     1e14 :menu:class_hdr
1     1e18 :menu:class_str
1     1e1c :menu:class_spy
1     1e20 :menu:class_eng
1     1e24 :menu:class_rpc
1     1e28 :menu:class_bd
1     1e3c :menu:classhelp1
1     1e64 :menu:classhelp2
1     1e8c :menu:class_stuffcmd
1     1eb4 :menu:menu_eng_header
1     1eb8 :menu:menu_eng_builddisp
1     1ebc :menu:menu_eng_buildsentry
1     1ec0 :menu:menu_eng_exit
1     1ec4 :menu:menu_eng_detdisp
1     1ec8 :menu:menu_eng_detsentry
1     1f00 :menu:menu_eng_fixsg_upgrade
1     1f04 :menu:menu_eng_fixsg_static
1     1f08 :menu:menu_eng_fixsg_nostatic
1     1f38 :menu:spy_menu_feign
1     1f3c :menu:spy_menu_stop_feign
1     1f40 :menu:spy_menu_undecover
1     1f44 :menu:spy_menu_reset_skin
1     1f48 :menu:spy_menu_reset_color
1     1f4c :menu:spy_menu_reset_skin_color
1     1f68 :menu:birthday_msgs
1     2034 :menu:num_birthday_msgs
1     2054 :menu:sentry_sfire_names
1     2064 :menu:sentry_find_names
1     20dc :menu:savepos
1     210c :pyro:num_world_flames
1     2130 :qmalloc:_arena_metadata
1     2134 :qmalloc:_arena_data
1     2138 :qmalloc:_arena_pages
1     213c :qmalloc:_arena_freestart
1     2590 :spy:gas_sounds
1     25d8 :spy:gas_sounds2
1     2600 :status:teamnames
1     2614 :status:default_status
1     2618 :status:SbarReSizes
1     2660 :status:spy_teams
1     2674 :status:spy_skins
1     269c :status:sbar_msg
1     26c0 :tfort:num_team_ammoboxes
1     26d4 :tfort:class_set
1     2e24 :tfort:GrenadeNames
1     2e54 :tfort:GrenadePrimeName
1     2e84 :tfort:classbits
1     2f3c :tfort:explode_msgs
1     2fb8 :tfort:ec_strings
1     2fe4 :tfortmap:team_menu_string
1     3030 :tforttm:team_colors
1     3044 :tforttm:team_top_colors
1     3058 :tforttm:colornames
1     3094 :tforttm:li_classrestricted
1     30e4 :tforttm:teams_allied
1     30e8 :tforttm:team_allied_bitindex
1     3128 :version:ANGEL_VERSION
1     312c :version:date
1     3130 :version:mon
1     3164 :vote:votes
1     31ac :vote:k_vote
1     31b0 :vote:current_vote
1     34b0 :world:number_of_teams
1     34b4 :world:old_time
1     34b8 :bot\ai:end_pos
1     34e4 :bot\move:maxspeed
1     34e8 :bot\move:default_link
1     3518 :bot\move:max_yaw_per_sek
1     351c :bot\move:counter
1     3520 :bot\ui:bot_cmds
1     3550 :bot\waypoint:wp_list_start
1     3554 :bot\waypoint:numwaypoints
1     3558 :bot\waypoint:wpdrawed
2        0 :g_main:worldmodel
2      cca :client:nextmap
2     627d :g_utils:null_str
2     eed0 :tforttm:team_names
2     f98d :version:mond
3        0 :g_main:starttime
3        4 :g_main:netnames
3      404 :g_main:mapname
3      444 :g_main:api_ver
3      448 :g_main:other
3      44c :g_main:self
3      450 :g_main:g_globalvars
3      5b8 :g_main:g_edicts
3   1565b8 :g_main:sv_gravity
3   1565bc :client:lastspawn
3   1565c0 :client:last_id
3   1565c4 :client:modelindex_null
3   1565c8 :client:modelindex_player
3   1565cc :client:modelindex_eyes
3   1565d0 :client:rj
3   1565d4 :combat:damage_inflictor
3   1565d8 :combat:damage_attacker
3   1565dc :g_mem:memoryPool
3   1965dc :g_spawn:spawnVarChars
3   1975dc :g_spawn:numSpawnVarChars
3   1975e0 :g_spawn:spawnVars
3   1977e0 :g_spawn:numSpawnVars
3   1977e4 :menu:savevel
3   1977f0 :menu:saveangle
3   1977fc :menu:snipers_num
3   197800 :misc:newmis
3   197804 :qmalloc:arena
3   998068 :subs:activator
3   99806c :subs:skill
3   998084 :tfort:tf_data
3   99816c :tfort:GR_TYPE_NAPALM_NO
3   998170 :tfort:GR_TYPE_MIRV_NO
3   998174 :tfort:MAX_WORLD_AMMOBOXES
3   998178 :tfort:MAX_WORLD_PIPEBOMBS
3   99817c :tfort:FLAME_MAXWORLDNUM
3   998180 :tfortmap:item_list_bit
3   998184 :tfortmap:CTF_Map
3   998188 :tforttm:teamadvantage
3   99819c :tforttm:teammaxplayers
3   9981b0 :tforttm:teamlives
3   9981c4 :tforttm:teamfrags
3   9981d8 :tforttm:teamscores
3   9981ec :tforttm:civilianteams
3   9981f0 :tforttm:illegalclasses
3   998204 :tg:tg_data
3   998248 :triggers:old
3   99824c :triggers:s
3   998250 :triggers:otemp
3   998254 :triggers:stemp
3   998258 :vote:elect_player
3   99825c :vote:elect_level
3   998260 :vote:elect_percentage
3   998264 :weapons:num_team_pipebombs
3   998278 :weapons:puff_count
3   99827c :weapons:blood_count
3   998280 :weapons:blood_org
3   99828c :weapons:multi_damage
3   998290 :weapons:multi_ent
3   998294 :weapons:puff_org
3   9982a0 :world:bodyque_head
3   9982a4 :world:bodyque
3   9982b4 :world:coop
3   9982b8 :world:framecount
3   9982bc :world:deathmatch
3   9982c0 :world:teamplay
3   9982c4 :world:fraglimit
3   9982c8 :world:timelimit
3   9982cc :bot\move:sv_accelerate
3   9982d0 :bot\move:velocity
3   9982d4 :bot\move:view_yaw
3   9982d8 :bot\move:dir_yaw
3   9982dc :bot\move:vel_yaw
3   9982e0 :bot\move:cur_angle
3   9982ec :bot\move:curr_vel
3   9982f8 :bot\move:dir2move
3   998304 :bot\move:max_yaw_pf
3   998308 :bot\move:bot_frametime
3   99830c :bot\waypoint:_stackStart
3   9a830c :bot\waypoint:_stackEnd
